/Users/default/dev/kalshi-bot/kalshi_bot/.venv/lib/python3.9/site-packages/urllib3/__init__.py:35: NotOpenSSLWarning: urllib3 v2 only supports OpenSSL 1.1.1+, currently the 'ssl' module is compiled with 'LibreSSL 2.8.3'. See: https://github.com/urllib3/urllib3/issues/3020
  warnings.warn(
Collecting candles for 1500 markets...
  candles [50/1500] rows=800
  candles [100/1500] rows=1600
  candles [150/1500] rows=2400
  candles [200/1500] rows=3200
  candles [250/1500] rows=4000
  candles [300/1500] rows=4800
  candles [350/1500] rows=5588
  candles [400/1500] rows=6388
  candles [450/1500] rows=7188
  candles [500/1500] rows=7988
  candles [550/1500] rows=8788
  candles [600/1500] rows=9588
  candles [650/1500] rows=10388
  candles [700/1500] rows=11188
  candles [750/1500] rows=11988
  candles [800/1500] rows=12788
  candles [850/1500] rows=13588
  candles [900/1500] rows=14388
  candles [950/1500] rows=15188
  candles [1000/1500] rows=15988
  candles [1050/1500] rows=16788
  candles [1100/1500] rows=17588
  candles [1150/1500] rows=18388
  candles [1200/1500] rows=19188
  candles [1250/1500] rows=19988
  candles [1300/1500] rows=20788
  candles [1350/1500] rows=21588
  candles [1400/1500] rows=22388
  candles [1450/1500] rows=23188
  candles [1500/1500] rows=23988
Saved 23988 candle rows for 1500 markets.
